[    0.000000] Linux version 4.15.0-159-generic (buildd@lgw01-amd64-055) (gcc version 7.5.0 (Ubuntu 7.5.0-3ubuntu1~18.04)) #167-Ubuntu SMP Tue Sep 21 08:55:05 UTC 2021 (Ubuntu 4.15.0-159.167-generic 4.15.18)
[    0.000000] Command line: BOOT_IMAGE=/boot/vmlinuz-4.15.0-159-generic root=LABEL=cloudimg-rootfs ro console=tty1 console=ttyS0
[    0.000000] KERNEL supported cpus:
[    0.000000]   Intel GenuineIntel
[    0.000000]   AMD AuthenticAMD
[    0.000000]   Centaur CentaurHauls
[    0.000000] x86/fpu: x87 FPU will use FXSAVE
[    0.000000] e820: BIOS-provided physical RAM map:
[    0.000000] BIOS-e820: [mem 0x0000000000000000-0x000000000009fbff] usable
[    0.000000] BIOS-e820: [mem 0x000000000009fc00-0x000000000009ffff] reserved
[    0.000000] BIOS-e820: [mem 0x00000000000f0000-0x00000000000fffff] reserved
[    0.000000] BIOS-e820: [mem 0x0000000000100000-0x000000001ffeffff] usable
[    0.000000] BIOS-e820: [mem 0x000000001fff0000-0x000000001fffffff] ACPI data
[    0.000000] BIOS-e820: [mem 0x00000000fec00000-0x00000000fec00fff] reserved
[    0.000000] BIOS-e820: [mem 0x00000000fee00000-0x00000000fee00fff] reserved
[    0.000000] BIOS-e820: [mem 0x00000000fffc0000-0x00000000ffffffff] reserved
[    0.000000] NX (Execute Disable) protection: active
[    0.000000] SMBIOS 2.5 present.
[    0.000000] DMI: innotek GmbH VirtualBox/VirtualBox, BIOS VirtualBox 12/01/2006
[    0.000000] Hypervisor detected: KVM
[    0.000000] e820: last_pfn = 0x1fff0 max_arch_pfn = 0x400000000
[    0.000000] MTRR: Disabled
[    0.000000] x86/PAT: MTRRs disabled, skipping PAT initialization too.
[    0.000000] CPU MTRRs all blank - virtualized system.
[    0.000000] x86/PAT: Configuration [0-7]: WB  WT  UC- UC  WB  WT  UC- UC  
[    0.000000] found SMP MP-table at [mem 0x0009fff0-0x0009ffff]
[    0.000000] Scanning 1 areas for low memory corruption
[    0.000000] RAMDISK: [mem 0x1db1e000-0x1ee2ffff]
[    0.000000] ACPI: Early table checksum verification disabled
[    0.000000] ACPI: RSDP 0x00000000000E0000 000024 (v02 VBOX  )
[    0.000000] ACPI: XSDT 0x000000001FFF0030 00003C (v01 VBOX   VBOXXSDT 00000001 ASL  00000061)
[    0.000000] ACPI: FACP 0x000000001FFF00F0 0000F4 (v04 VBOX   VBOXFACP 00000001 ASL  00000061)
[    0.000000] ACPI: DSDT 0x000000001FFF0470 002325 (v02 VBOX   VBOXBIOS 00000002 INTL 20100528)
[    0.000000] ACPI: FACS 0x000000001FFF0200 000040
[    0.000000] ACPI: FACS 0x000000001FFF0200 000040
[    0.000000] ACPI: APIC 0x000000001FFF0240 000054 (v02 VBOX   VBOXAPIC 00000001 ASL  00000061)
[    0.000000] ACPI: SSDT 0x000000001FFF02A0 0001CC (v01 VBOX   VBOXCPUT 00000002 INTL 20100528)
[    0.000000] ACPI: Reserving FACP table memory at [mem 0x1fff00f0-0x1fff01e3]
[    0.000000] ACPI: Reserving DSDT table memory at [mem 0x1fff0470-0x1fff2794]
[    0.000000] ACPI: Reserving FACS table memory at [mem 0x1fff0200-0x1fff023f]
[    0.000000] ACPI: Reserving FACS table memory at [mem 0x1fff0200-0x1fff023f]
[    0.000000] ACPI: Reserving APIC table memory at [mem 0x1fff0240-0x1fff0293]
[    0.000000] ACPI: Reserving SSDT table memory at [mem 0x1fff02a0-0x1fff046b]
[    0.000000] No NUMA configuration found
[    0.000000] Faking a node at [mem 0x0000000000000000-0x000000001ffeffff]
[    0.000000] NODE_DATA(0) allocated [mem 0x1ffc5000-0x1ffeffff]
[    0.000000] kvm-clock: cpu 0, msr 0:1ff44001, primary cpu clock
[    0.000000] kvm-clock: Using msrs 4b564d01 and 4b564d00
[    0.000000] kvm-clock: using sched offset of 6979554512 cycles
[    0.000000] clocksource: kvm-clock: mask: 0xffffffffffffffff max_cycles: 0x1cd42e4dffb, max_idle_ns: 881590591483 ns
[    0.000000] Zone ranges:
[    0.000000]   DMA      [mem 0x0000000000001000-0x0000000000ffffff]
[    0.000000]   DMA32    [mem 0x0000000001000000-0x000000001ffeffff]
[    0.000000]   Normal   empty
[    0.000000]   Device   empty
[    0.000000] Movable zone start for each node
[    0.000000] Early memory node ranges
[    0.000000]   node   0: [mem 0x0000000000001000-0x000000000009efff]
[    0.000000]   node   0: [mem 0x0000000000100000-0x000000001ffeffff]
[    0.000000] Reserved but unavailable: 104 pages
[    0.000000] Initmem setup node 0 [mem 0x0000000000001000-0x000000001ffeffff]
[    0.000000] ACPI: PM-Timer IO Port: 0x4008
[    0.000000] IOAPIC[0]: apic_id 1, version 32, address 0xfec00000, GSI 0-23
[    0.000000] ACPI: INT_SRC_OVR (bus 0 bus_irq 0 global_irq 2 dfl dfl)
[    0.000000] ACPI: INT_SRC_OVR (bus 0 bus_irq 9 global_irq 9 low level)
[    0.000000] Using ACPI (MADT) for SMP configuration information
[    0.000000] smpboot: Allowing 1 CPUs, 0 hotplug CPUs
[    0.000000] PM: Registered nosave memory: [mem 0x00000000-0x00000fff]
[    0.000000] PM: Registered nosave memory: [mem 0x0009f000-0x0009ffff]
[    0.000000] PM: Registered nosave memory: [mem 0x000a0000-0x000effff]
[    0.000000] PM: Registered nosave memory: [mem 0x000f0000-0x000fffff]
[    0.000000] e820: [mem 0x20000000-0xfebfffff] available for PCI devices
[    0.000000] Booting paravirtualized kernel on KVM
[    0.000000] clocksource: refined-jiffies: mask: 0xffffffff max_cycles: 0xffffffff, max_idle_ns: 7645519600211568 ns
[    0.000000] random: get_random_bytes called from start_kernel+0x99/0x500 with crng_init=0
[    0.000000] setup_percpu: NR_CPUS:8192 nr_cpumask_bits:1 nr_cpu_ids:1 nr_node_ids:1
[    0.000000] percpu: Embedded 45 pages/cpu s147456 r8192 d28672 u2097152
[    0.000000] PV qspinlock hash table entries: 256 (order: 0, 4096 bytes)
[    0.000000] Built 1 zonelists, mobility grouping on.  Total pages: 128889
[    0.000000] Policy zone: DMA32
[    0.000000] Kernel command line: BOOT_IMAGE=/boot/vmlinuz-4.15.0-159-generic root=LABEL=cloudimg-rootfs ro console=tty1 console=ttyS0
[    0.000000] Memory: 466792K/523832K available (12300K kernel code, 2483K rwdata, 4320K rodata, 2448K init, 2724K bss, 57040K reserved, 0K cma-reserved)
[    0.000000] SLUB: HWalign=64, Order=0-3, MinObjects=0, CPUs=1, Nodes=1
[    0.000000] Kernel/User page tables isolation: enabled
[    0.000000] ftrace: allocating 39471 entries in 155 pages
[    0.004000] Hierarchical RCU implementation.
[    0.004000] 	RCU restricting CPUs from NR_CPUS=8192 to nr_cpu_ids=1.
[    0.004000] 	Tasks RCU enabled.
[    0.004000] RCU: Adjusting geometry for rcu_fanout_leaf=16, nr_cpu_ids=1
[    0.004000] NR_IRQS: 524544, nr_irqs: 256, preallocated irqs: 16
[    0.004000] Console: colour VGA+ 80x25
[    0.004000] console [tty1] enabled
[    0.004000] console [ttyS0] enabled
[    0.004000] ACPI: Core revision 20170831
[    0.004000] ACPI: 2 ACPI AML tables successfully acquired and loaded
[    0.004000] APIC: Switch to symmetric I/O mode setup
[    0.008000] ..TIMER: vector=0x30 apic1=0 pin1=2 apic2=-1 pin2=-1
[    0.008008] tsc: Detected 2591.998 MHz processor
[    0.012016] Calibrating delay loop (skipped) preset value.. 5183.99 BogoMIPS (lpj=10367992)
[    0.016025] pid_max: default: 32768 minimum: 301
[    0.020076] Security Framework initialized
[    0.024008] Yama: becoming mindful.
[    0.028050] AppArmor: AppArmor initialized
[    0.032111] Dentry cache hash table entries: 65536 (order: 7, 524288 bytes)
[    0.036048] Inode-cache hash table entries: 32768 (order: 6, 262144 bytes)
[    0.040040] Mount-cache hash table entries: 1024 (order: 1, 8192 bytes)
[    0.044015] Mountpoint-cache hash table entries: 1024 (order: 1, 8192 bytes)
[    0.050617] Last level iTLB entries: 4KB 64, 2MB 8, 4MB 8
[    0.052010] Last level dTLB entries: 4KB 64, 2MB 0, 4MB 0, 1GB 4
[    0.056017] Spectre V1 : Mitigation: usercopy/swapgs barriers and __user pointer sanitization
[    0.060007] Spectre V2 : Mitigation: Full generic retpoline
[    0.064020] Spectre V2 : Spectre v2 / SpectreRSB mitigation: Filling RSB on context switch
[    0.068010] Speculative Store Bypass: Vulnerable
[    0.072107] MDS: Mitigation: Clear CPU buffers
[    0.087306] Freeing SMP alternatives memory: 36K
[    0.200632] smpboot: CPU0: Intel(R) Core(TM) i7-6700HQ CPU @ 2.60GHz (family: 0x6, model: 0x5e, stepping: 0x3)
[    0.204085] Performance Events: unsupported p6 CPU model 94 no PMU driver, software events only.
[    0.208061] Hierarchical SRCU implementation.
[    0.212632] NMI watchdog: Perf event create on CPU 0 failed with -2
[    0.216007] NMI watchdog: Perf NMI watchdog permanently disabled
[    0.220208] smp: Bringing up secondary CPUs ...
[    0.224122] smp: Brought up 1 node, 1 CPU
[    0.228046] smpboot: Max logical packages: 1
[    0.232018] smpboot: Total of 1 processors activated (5183.99 BogoMIPS)
[    0.236340] devtmpfs: initialized
[    0.240091] x86/mm: Memory block size: 128MB
[    0.244498] evm: security.selinux
[    0.248015] evm: security.SMACK64
[    0.252029] evm: security.SMACK64EXEC
[    0.256010] evm: security.SMACK64TRANSMUTE
[    0.260021] evm: security.SMACK64MMAP
[    0.268044] evm: security.apparmor
[    0.272028] evm: security.ima
[    0.276010] evm: security.capability
[    0.280311] clocksource: jiffies: mask: 0xffffffff max_cycles: 0xffffffff, max_idle_ns: 7645041785100000 ns
[    0.284032] futex hash table entries: 256 (order: 2, 16384 bytes)
[    0.288102] pinctrl core: initialized pinctrl subsystem
[    0.292720] RTC time: 23:21:24, date: 10/06/21
[    0.296322] NET: Registered protocol family 16
[    0.300105] audit: initializing netlink subsys (disabled)
[    0.304443] cpuidle: using governor ladder
[    0.308024] audit: type=2000 audit(1633562491.803:1): state=initialized audit_enabled=0 res=1
[    0.312021] cpuidle: using governor menu
[    0.316123] ACPI: bus type PCI registered
[    0.320010] acpiphp: ACPI Hot Plug PCI Controller Driver version: 0.5
[    0.328310] PCI: Using configuration type 1 for base access
[    0.337328] HugeTLB registered 2.00 MiB page size, pre-allocated 0 pages
[    0.340635] ACPI: Added _OSI(Module Device)
[    0.344025] ACPI: Added _OSI(Processor Device)
[    0.348029] ACPI: Added _OSI(3.0 _SCP Extensions)
[    0.352011] ACPI: Added _OSI(Processor Aggregator Device)
[    0.356047] ACPI: Added _OSI(Linux-Dell-Video)
[    0.360016] ACPI: Added _OSI(Linux-Lenovo-NV-HDMI-Audio)
[    0.368025] ACPI: Added _OSI(Linux-HPI-Hybrid-Graphics)
[    0.373980] ACPI: Executed 1 blocks of module-level executable AML code
[    0.383147] ACPI: Interpreter enabled
[    0.384028] ACPI: (supports S0 S5)
[    0.388016] ACPI: Using IOAPIC for interrupt routing
[    0.392814] PCI: Using host bridge windows from ACPI; if necessary, use "pci=nocrs" and report a bug
[    0.396353] ACPI: Enabled 2 GPEs in block 00 to 07
[    0.423475] ACPI: PCI Root Bridge [PCI0] (domain 0000 [bus 00-ff])
[    0.424021] acpi PNP0A03:00: _OSC: OS supports [ASPM ClockPM Segments MSI]
[    0.429405] acpi PNP0A03:00: _OSC: not requesting OS control; OS requires [ExtendedConfig ASPM ClockPM MSI]
[    0.432027] acpi PNP0A03:00: fail to add MMCONFIG information, can't access extended PCI configuration space under this bridge.
[    0.437577] PCI host bridge to bus 0000:00
[    0.440011] pci_bus 0000:00: root bus resource [io  0x0000-0x0cf7 window]
[    0.444031] pci_bus 0000:00: root bus resource [io  0x0d00-0xffff window]
[    0.448011] pci_bus 0000:00: root bus resource [mem 0x000a0000-0x000bffff window]
[    0.452028] pci_bus 0000:00: root bus resource [mem 0x20000000-0xfdffffff window]
[    0.456027] pci_bus 0000:00: root bus resource [bus 00-ff]
[    0.473742] pci 0000:00:01.1: legacy IDE quirk: reg 0x10: [io  0x01f0-0x01f7]
[    0.476039] pci 0000:00:01.1: legacy IDE quirk: reg 0x14: [io  0x03f6]
[    0.480009] pci 0000:00:01.1: legacy IDE quirk: reg 0x18: [io  0x0170-0x0177]
[    0.484018] pci 0000:00:01.1: legacy IDE quirk: reg 0x1c: [io  0x0376]
[    0.588914] pci 0000:00:07.0: quirk: [io  0x4000-0x403f] claimed by PIIX4 ACPI
[    0.592062] pci 0000:00:07.0: quirk: [io  0x4100-0x410f] claimed by PIIX4 SMB
[    0.633491] ACPI: PCI Interrupt Link [LNKA] (IRQs 5 9 10 *11)
[    0.636809] ACPI: PCI Interrupt Link [LNKB] (IRQs 5 9 *10 11)
[    0.644871] ACPI: PCI Interrupt Link [LNKC] (IRQs 5 *9 10 11)
[    0.648423] ACPI: PCI Interrupt Link [LNKD] (IRQs 5 9 10 *11)
[    0.652636] SCSI subsystem initialized
[    0.656155] pci 0000:00:02.0: vgaarb: setting as boot VGA device
[    0.660000] pci 0000:00:02.0: vgaarb: VGA device added: decodes=io+mem,owns=io+mem,locks=none
[    0.660018] pci 0000:00:02.0: vgaarb: bridge control possible
[    0.664008] vgaarb: loaded
[    0.668054] ACPI: bus type USB registered
[    0.672057] usbcore: registered new interface driver usbfs
[    0.676045] usbcore: registered new interface driver hub
[    0.680027] usbcore: registered new device driver usb
[    0.684151] EDAC MC: Ver: 3.0.0
[    0.692527] PCI: Using ACPI for IRQ routing
[    0.700316] NetLabel: Initializing
[    0.704008] NetLabel:  domain hash size = 128
[    0.708007] NetLabel:  protocols = UNLABELED CIPSOv4 CALIPSO
[    0.712032] NetLabel:  unlabeled traffic allowed by default
[    0.716195] clocksource: Switched to clocksource kvm-clock
[    0.816856] VFS: Disk quotas dquot_6.6.0
[    0.825165] VFS: Dquot-cache hash table entries: 512 (order 0, 4096 bytes)
[    0.837963] AppArmor: AppArmor Filesystem Enabled
[    0.846134] pnp: PnP ACPI init
[    0.853478] pnp: PnP ACPI: found 3 devices
[    0.867826] clocksource: acpi_pm: mask: 0xffffff max_cycles: 0xffffff, max_idle_ns: 2085701024 ns
[    0.881330] NET: Registered protocol family 2
[    0.888921] IP idents hash table entries: 8192 (order: 4, 65536 bytes)
[    0.897446] TCP established hash table entries: 4096 (order: 3, 32768 bytes)
[    0.906502] TCP bind hash table entries: 4096 (order: 4, 65536 bytes)
[    0.914913] TCP: Hash tables configured (established 4096 bind 4096)
[    0.924292] UDP hash table entries: 256 (order: 1, 8192 bytes)
[    0.931611] UDP-Lite hash table entries: 256 (order: 1, 8192 bytes)
[    0.940349] NET: Registered protocol family 1
[    0.946019] pci 0000:00:00.0: Limiting direct PCI/PCI transfers
[    0.954539] pci 0000:00:01.0: Activating ISA DMA hang workarounds
[    0.962298] pci 0000:00:02.0: Video device with shadowed ROM at [mem 0x000c0000-0x000dffff]
[    0.974255] Unpacking initramfs...
[    1.824236] Freeing initrd memory: 19528K
[    1.832347] clocksource: tsc: mask: 0xffffffffffffffff max_cycles: 0x255cb518234, max_idle_ns: 440795279333 ns
[    1.844852] platform rtc_cmos: registered platform RTC device (no PNP device found)
[    1.855275] Scanning for low memory corruption every 60 seconds
[    1.865156] Initialise system trusted keyrings
[    1.872349] Key type blacklist registered
[    1.878482] workingset: timestamp_bits=36 max_order=17 bucket_order=0
[    1.891420] zbud: loaded
[    1.897169] squashfs: version 4.0 (2009/01/31) Phillip Lougher
[    1.906086] fuse init (API version 7.26)
[    1.913922] Key type asymmetric registered
[    1.919946] Asymmetric key parser 'x509' registered
[    1.926544] Block layer SCSI generic (bsg) driver version 0.4 loaded (major 246)
[    1.937097] io scheduler noop registered
[    1.944482] io scheduler deadline registered
[    1.950713] io scheduler cfq registered (default)
[    1.959691] ACPI: AC Adapter [AC] (on-line)
[    1.966166] input: Power Button as /devices/LNXSYSTM:00/LNXPWRBN:00/input/input0
[    1.978076] ACPI: Power Button [PWRF]
[    1.983584] input: Sleep Button as /devices/LNXSYSTM:00/LNXSLPBN:00/input/input1
[    1.994081] ACPI: Sleep Button [SLPF]
[    2.001317] ACPI: Battery Slot [BAT0] (battery present)
[    2.009977] Serial: 8250/16550 driver, 32 ports, IRQ sharing enabled
[    2.057581] 00:02: ttyS0 at I/O 0x3f8 (irq = 4, base_baud = 115200) is a 16550A
[    2.073494] Linux agpgart interface v0.103
[    2.089128] loop: module loaded
[    2.095703] scsi host0: ata_piix
[    2.101165] scsi host1: ata_piix
[    2.106264] ata1: PATA max UDMA/33 cmd 0x1f0 ctl 0x3f6 bmdma 0xd000 irq 14
[    2.114886] ata2: PATA max UDMA/33 cmd 0x170 ctl 0x376 bmdma 0xd008 irq 15
[    2.130253] libphy: Fixed MDIO Bus: probed
[    2.137018] tun: Universal TUN/TAP device driver, 1.6
[    2.142979] PPP generic driver version 2.4.2
[    2.148141] ehci_hcd: USB 2.0 'Enhanced' Host Controller (EHCI) Driver
[    2.156038] ehci-pci: EHCI PCI platform driver
[    2.161708] ehci-platform: EHCI generic platform driver
[    2.168842] ohci_hcd: USB 1.1 'Open' Host Controller (OHCI) Driver
[    2.177199] ohci-pci: OHCI PCI platform driver
[    2.182434] ohci-platform: OHCI generic platform driver
[    2.188910] uhci_hcd: USB Universal Host Controller Interface driver
[    2.197306] i8042: PNP: PS/2 Controller [PNP0303:PS2K,PNP0f03:PS2M] at 0x60,0x64 irq 1,12
[    2.214010] serio: i8042 KBD port at 0x60,0x64 irq 1
[    2.221699] serio: i8042 AUX port at 0x60,0x64 irq 12
[    2.228767] mousedev: PS/2 mouse device common for all mice
[    2.239034] input: AT Translated Set 2 keyboard as /devices/platform/i8042/serio0/input/input2
[    2.251652] rtc_cmos rtc_cmos: rtc core: registered rtc_cmos as rtc0
[    2.262892] rtc_cmos rtc_cmos: alarms up to one day, 114 bytes nvram
[    2.271158] i2c /dev entries driver
[    2.276878] device-mapper: uevent: version 1.0.3
[    2.282818] device-mapper: ioctl: 4.37.0-ioctl (2017-09-20) initialised: dm-devel@redhat.com
[    2.369753] ledtrig-cpu: registered to indicate activity on CPUs
[    2.380651] NET: Registered protocol family 10
[    2.394395] Segment Routing with IPv6
[    2.399667] NET: Registered protocol family 17
[    2.406359] Key type dns_resolver registered
[    2.412543] mce: Using 0 MCE banks
[    2.417244] RAS: Correctable Errors collector initialized.
[    2.425334] sched_clock: Marking stable (2425250687, 0)->(4418331391, -1993080704)
[    2.434393] registered taskstats version 1
[    2.439864] Loading compiled-in X.509 certificates
[    2.449197] Loaded X.509 cert 'Build time autogenerated kernel key: bf5768e0b2369bd53acb56866ca104cf5a2c379b'
[    2.466803] Loaded X.509 cert 'Canonical Ltd. Live Patch Signing: 14df34d1a87cf37625abec039ef2bf521249b969'
[    2.481979] Loaded X.509 cert 'Canonical Ltd. Kernel Module Signing: 88f752e560a1e0737e31163a466ad7b70a850c19'
[    2.497728] zswap: loaded using pool lzo/zbud
[    2.513225] Key type big_key registered
[    2.520080] Key type trusted registered
[    2.529417] Key type encrypted registered
[    2.535288] AppArmor: AppArmor sha1 policy hashing enabled
[    2.544288] ima: No TPM chip found, activating TPM-bypass! (rc=-19)
[    2.555432] ima: Allocated hash algorithm: sha1
[    2.562311] evm: HMAC attrs: 0x1
[    2.568579]   Magic number: 9:738:402
[    2.575863] rtc_cmos rtc_cmos: setting system clock to 2021-10-06 23:21:27 UTC (1633562487)
[    2.588076] BIOS EDD facility v0.16 2004-Jun-25, 0 devices found
[    2.598225] EDD information not available.
[    2.609745] Freeing unused kernel image memory: 2448K
[    2.624083] Write protecting the kernel read-only data: 20480k
[    2.632936] Freeing unused kernel image memory: 2008K
[    2.641853] Freeing unused kernel image memory: 1824K
[    2.657817] x86/mm: Checked W+X mappings: passed, no W+X pages found.
[    2.667721] x86/mm: Checking user space page tables
[    2.681151] x86/mm: Checked W+X mappings: passed, no W+X pages found.
Loading, please wait...
starting version 237
[    2.846497] e1000: Intel(R) PRO/1000 Network Driver - version 7.3.21-k8-NAPI
[    2.856484] e1000: Copyright (c) 1999-2006 Intel Corporation.
[    2.870632] Fusion MPT base driver 3.04.20
[    2.878111] Copyright (c) 1999-2008 LSI Corporation
[    2.971087] Fusion MPT SPI Host driver 3.04.20
[    3.177380] input: ImExPS/2 Generic Explorer Mouse as /devices/platform/i8042/serio1/input/input4
[    3.999213] e1000 0000:00:03.0 eth0: (PCI:33MHz:32-bit) 02:2f:77:f1:0c:e0
[    4.010234] e1000 0000:00:03.0 eth0: Intel(R) PRO/1000 Network Connection
[    4.022631] mptbase: ioc0: Initiating bringup
[    4.131714] ioc0: LSI53C1030 A0: Capabilities={Initiator}
[    4.396519] scsi host2: ioc0: LSI53C1030 A0, FwRev=00000000h, Ports=1, MaxQ=256, IRQ=20
[    4.578229] scsi 2:0:0:0: Direct-Access     VBOX     HARDDISK         1.0  PQ: 0 ANSI: 5
[    4.595203] scsi target2:0:0: Beginning Domain Validation
[    4.605177] random: fast init done
[    4.619217] scsi target2:0:0: Domain Validation skipping write tests
[    4.631441] scsi target2:0:0: Ending Domain Validation
[    4.665332] scsi target2:0:0: asynchronous
[    4.708800] scsi 2:0:1:0: Direct-Access     VBOX     HARDDISK         1.0  PQ: 0 ANSI: 5
[    4.731599] scsi target2:0:1: Beginning Domain Validation
[    4.845686] scsi target2:0:1: Domain Validation skipping write tests
[    4.855625] scsi target2:0:1: Ending Domain Validation
[    4.888769] scsi target2:0:1: asynchronous
[    5.044836] sd 2:0:0:0: [sda] 83886080 512-byte logical blocks: (42.9 GB/40.0 GiB)
[    5.056407] sd 2:0:0:0: Attached scsi generic sg0 type 0
[    5.065765] sd 2:0:1:0: [sdb] 20480 512-byte logical blocks: (10.5 MB/10.0 MiB)
[    5.075740] sd 2:0:1:0: Attached scsi generic sg1 type 0
[    5.082826] random: systemd-udevd: uninitialized urandom read (16 bytes read)
[    5.094260] sd 2:0:0:0: [sda] Write Protect is off
[    5.101012] sd 2:0:1:0: [sdb] Write Protect is off
[    5.118797] sd 2:0:0:0: [sda] Incomplete mode parameter data
[    5.126958] sd 2:0:0:0: [sda] Assuming drive cache: write through
[    5.134375] sd 2:0:1:0: [sdb] Incomplete mode parameter data
[    5.142473] sd 2:0:1:0: [sdb] Assuming drive cache: write through
[    5.149450] random: systemd-udevd: uninitialized urandom read (16 bytes read)
[    5.174985] random: systemd-udevd: uninitialized urandom read (16 bytes read)
[    5.184875]  sda: sda1
[    5.208875] sd 2:0:0:0: [sda] Attached SCSI disk
[    5.219466] sd 2:0:1:0: [sdb] Attached SCSI disk
[    5.762829] e1000 0000:00:08.0 eth1: (PCI:33MHz:32-bit) 08:00:27:4d:75:52
[    5.771099] e1000 0000:00:08.0 eth1: Intel(R) PRO/1000 Network Connection
[    5.783172] e1000 0000:00:08.0 enp0s8: renamed from eth1
[    5.813511] e1000 0000:00:03.0 enp0s3: renamed from eth0
Begin: Loading essential drivers ... [    8.397289] raid6: sse2x1   gen()  6770 MB/s
[    8.472203] raid6: sse2x1   xor()  7495 MB/s
[    8.528247] raid6: sse2x2   gen() 10844 MB/s
[    8.580291] raid6: sse2x2   xor()  6258 MB/s
[    8.633944] raid6: sse2x4   gen() 12575 MB/s
[    8.708165] raid6: sse2x4   xor()  9139 MB/s
[    8.716191] raid6: using algorithm sse2x4 gen() 12575 MB/s
[    8.724060] raid6: .... xor() 9139 MB/s, rmw enabled
[    8.731900] raid6: using ssse3x2 recovery algorithm
[    8.740828] xor: measuring software checksum speed
[    8.860203]    prefetch64-sse: 41781.000 MB/sec
[    8.976741]    generic_sse: 38495.000 MB/sec
[    8.984183] xor: using function: prefetch64-sse (41781.000 MB/sec)
[    8.995694] async_tx: api initialized (async)
done.
Begin: Running /scripts/init-premount ... done.
Begin: Mounting root file system ... Begin: Running /scripts/local-top ... done.
Begin: Running /scripts/local-premount ... [    9.112916] Btrfs loaded, crc32c=crc32c-intel
Scanning for Btrfs filesystems
done.
Warning: fsck not present, so skipping root file system
[    9.217930] EXT4-fs (sda1): mounted filesystem with ordered data mode. Opts: (null)
done.
Begin: Running /scripts/local-bottom ... done.
Begin: Running /scripts/init-bottom ... done.
[    9.755917] ip_tables: (C) 2000-2006 Netfilter Core Team
[    9.806691] systemd[1]: systemd 237 running in system mode. (+PAM +AUDIT +SELINUX +IMA +APPARMOR +SMACK +SYSVINIT +UTMP +LIBCRYPTSETUP +GCRYPT +GNUTLS +ACL +XZ +LZ4 +SECCOMP +BLKID +ELFUTILS +KMOD -IDN2 +IDN -PCRE2 default-hierarchy=hybrid)
[    9.835645] systemd[1]: Detected virtualization oracle.
[    9.842793] systemd[1]: Detected architecture x86-64.

Welcome to [1mUbuntu 18.04.6 LTS[0m!

[    9.864001] systemd[1]: Set hostname to <ubuntu-bionic>.
[   10.699232] systemd[1]: Reached target Swap.
[[0;32m  OK  [0m] Reached target Swap.
[   10.709960] systemd[1]: Started Forward Password Requests to Wall Directory Watch.
[[0;32m  OK  [0m] Started Forward Password Requests to Wall Directory Watch.
[   10.727033] systemd[1]: Reached target User and Group Name Lookups.
[[0;32m  OK  [0m] Reached target User and Group Name Lookups.
[   10.743519] systemd[1]: Reached target System Time Synchronized.
[[0;32m  OK  [0m] Reached target System Time Synchronized.
[   10.759374] systemd[1]: Set up automount Arbitrary Executable File Formats File System Automount Point.
[[0;32m  OK  [0m] Set up automount Arbitrary Executabâ€¦rmats File System Automount Point.
[   10.782289] systemd[1]: Created slice User and Session Slice.
[[0;32m  OK  [0m] Created slice User and Session Slice.
[[0;32m  OK  [0m] Created slice System Slice.
[[0;32m  OK  [0m] Listening on /dev/initctl Compatibility Named Pipe.
[[0;32m  OK  [0m] Listening on Journal Socket.
         Starting Uncomplicated firewall...
         Mounting Huge Pages File System...
         Starting Set the console keyboard layout...
[[0;32m  OK  [0m] Listening on udev Control Socket.
[[0;32m  OK  [0m] Listening on Journal Audit Socket.
[[0;32m  OK  [0m] Created slice system-serial\x2dgetty.slice.
         Starting Load Kernel Modules...
[[0;32m  OK  [0m] Listening on Journal Socket (/dev/log).
[[0;32m  OK  [0m] Listening on Syslog Socket.
         Starting Journal Service...
[[0;32m  OK  [0m] Listening on LVM2 poll daemon socket.
[[0;32m  OK  [0m] [   10.967542] Loading iSCSI transport class v2.0-870.
Listening on fsck to fsckd communication Socket.
[[0;32m  OK  [0m] Listening on udev Kernel Socket.
         Starting udev Coldplug all Devices...
         Mounting Kernel Debug File System...
         Starting Create list of required stâ€¦ce nodes for the current kernel...
         Starting File System Check on Root Device...[   11.048271] iscsi: registered transport (tcp)

[[0;32m  OK  [0m] Reached target Slices.
[[0;32m  OK  [0m] Listening on Network Service Netlink Socket.
         Mounting POSIX Message Queue File System...
[[0;32m  OK  [0m] Listening on Device-mapper event daemon FIFOs.
[[0;32m  OK  [0m] Listening on LVM2 metadata daemon socket.
         Starting Monitoring of LVM2 mirrorsâ€¦ng dmeventd or progress polling...
[[0;32m  OK  [0m] Started Uncomplicated firewall.
[[0;32m  OK  [0m] Mounted Huge Pages File System.
[[0;32m  OK  [0m] Mounted Kernel Debug File System.
[[0;32m  OK  [0m] Started Create list of required staâ€¦vice nodes for the current kernel.
[[0;32m  OK  [0m] Mounted POSIX Message Queue File System.
[[0;32m  OK  [0m] Started File System Check Daemon to report status.
         Starting Create Static Device Nodes in /dev...
[[0;32m  OK  [0m] Started LVM2 metadata daemon.
[[0;32m  OK  [0m] Started Journal Service.
[[0;32m  OK  [0m] Started File System Check on Root Device.
         Starting Remount Root and Kernel File Systems...
[[0;32m  OK  [0m] Started Create Static Device Nodes in /dev.
[   11.460336] EXT4-fs (sda1): re-mounted. Opts: (null)
[   11.483008] random: crng init done
[   11.488416] random: 7 urandom warning(s) missed due to ratelimiting
[   11.503482] iscsi: registered transport (iser)
[[0;32m  OK  [0m] Started Monitoring of LVM2 mirrors,â€¦sing dmeventd or progress polling.
[[0;32m  OK  [0m] Started Load Kernel Modules.
[[0;32m  OK  [0m] Started udev Coldplug all Devices.
[[0;32m  OK  [0m] Started Remount Root and Kernel File Systems.
[[0;32m  OK  [0m] Started Set the console keyboard layout.
         Starting Load/Save Random Seed...
         Starting udev Kernel Device Manager...
         Starting Flush Journal to Persistent Storage...
         Mounting Kernel Configuration File System...
         Mounting FUSE Control File System...
         Starting Apply Kernel Variables...
[[0;32m  OK  [0m] Reached target Local File Systems (Pre).
[[0;32m  OK  [0m] Reached target Local File Systems.
         Starting AppArmor initialization...
         Starting Tell Plymouth To Write Out Runtime Data...
         Starting ebtables ruleset management...
         Starting Set console font and keymap...
[[0;32m  OK  [0m] Started udev Kernel Device Manager.
[[0;32m  OK  [0m] Started Load/Save Random Seed.
[[0;32m  OK  [0m] Mounted Kernel Configuration File System.
[[0;32m  OK  [0m] Mounted FUSE Control File System.
[[0;32m  OK  [0m] Started Tell Plymouth To Write Out Runtime Data.
[[0;32m  OK  [0m] Started Dispatch Password Requests to Console Directory Watch.
[[0;32m  OK  [0m] Reached target Local Encrypted Volumes.
[[0;32m  OK  [0m] Started Set console font and keymap.
[   11.901991] systemd-journald[383]: Received request to flush runtime journal from PID 1
[[0;32m  OK  [0m] Started Apply Kernel Variables.
[[0;32m  OK  [0m] Started ebtables ruleset management.
[[0;32m  OK  [0m] Started Flush Journal to Persistent Storage.
         Starting Create Volatile Files and Directories...
[[0;32m  OK  [0m] Started Create Volatile Files and Directories.
         Starting Update UTMP about System Boot/Shutdown...
[[0;32m  OK  [0m] Started Update UTMP about System Boot/Shutdown.
[[0;32m  OK  [0m] Started AppArmor initialization.
         Starting Load AppArmor profiles managed internally by snapd...
         Starting Initial cloud-init job (pre-networking)...
[[0;32m  OK  [0m] Started Load AppArmor profiles managed internally by snapd.
[[0;32m  OK  [0m] Found device /dev/ttyS0.
[[0;32m  OK  [0m] Listening on Load/Save RF Kill Switch Status /dev/rfkill Watch.
[   16.111063] cloud-init[496]: Cloud-init v. 21.2-3-g899bfaa9-0ubuntu2~18.04.1 running 'init-local' at Wed, 06 Oct 2021 23:21:40 +0000. Up 15.78 seconds.
[[0;32m  OK  [0m] Started Initial cloud-init job (pre-networking).
[[0;32m  OK  [0m] Reached target Network (Pre).
         Starting Network Service...
[[0;32m  OK  [0m] Started Network Service.
         Starting Network Name Resolution...
         Starting Wait for Network to be Configured...
[[0;32m  OK  [0m] Started Network Name Resolution.
[[0;32m  OK  [0m] Reached target Network.
[[0;32m  OK  [0m] Reached target Host and Network Name Lookups.
[[0;32m  OK  [0m] Started Wait for Network to be Configured.
         Starting Initial cloud-init job (metadata service crawler)...
[   20.050557] cloud-init[634]: Cloud-init v. 21.2-3-g899bfaa9-0ubuntu2~18.04.1 running 'init' at Wed, 06 Oct 2021 23:21:44 +0000. Up 19.86 seconds.
[   20.074377] cloud-init[634]: ci-info: ++++++++++++++++++++++++++++++++++++++Net device info+++++++++++++++++++++++++++++++++++++++
[   20.089060] cloud-init[634]: ci-info: +--------+------+-----------------------------+---------------+--------+-------------------+
[   20.102969] cloud-init[634]: ci-info: | Device |  Up  |           Address           |      Mask     | Scope  |     Hw-Address    |
[   20.117631] cloud-init[634]: ci-info: +--------+------+-----------------------------+---------------+--------+-------------------+
[   20.133613] cloud-init[634]: ci-info: | enp0s3 | True |          10.0.2.15          | 255.255.255.0 | global | 02:2f:77:f1:0c:e0 |
[   20.154350] cloud-init[634]: ci-info: | enp0s3 | True |  fe80::2f:77ff:fef1:ce0/64  |       .       |  link  | 02:2f:77:f1:0c:e0 |
[   20.173026] cloud-init[634]: ci-info: | enp0s8 | True |        172.17.177.42        | 255.255.255.0 | global | 08:00:27:4d:75:52 |
[   20.183948] cloud-init[634]: ci-info: | enp0s8 | True | fe80::a00:27ff:fe4d:7552/64 |       .       |  link  | 08:00:27:4d:75:52 |
[   20.199405] cloud-init[634]: ci-info: |   lo   | True |          127.0.0.1          |   255.0.0.0   |  host  |         .         |
[   20.220019] cloud-init[634]: ci-info: |   lo   | True |           ::1/128           |       .       |  host  |         .         |
[   20.242210] cloud-init[634]: ci-info: +--------+------+-----------------------------+---------------+--------+-------------------+
[   20.257244] cloud-init[634]: ci-info: +++++++++++++++++++++++++++++Route IPv4 info+++++++++++++++++++++++++++++
[   20.267391] cloud-init[634]: ci-info: +-------+--------------+----------+-----------------+-----------+-------+
[   20.278461] cloud-init[634]: ci-info: | Route | Destination  | Gateway  |     Genmask     | Interface | Flags |
[   20.288726] cloud-init[634]: ci-info: +-------+--------------+----------+-----------------+-----------+-------+
[   20.301324] cloud-init[634]: ci-info: |   0   |   0.0.0.0    | 10.0.2.2 |     0.0.0.0     |   enp0s3  |   UG  |
[   20.311262] cloud-init[634]: ci-info: |   1   |   10.0.2.0   | 0.0.0.0  |  255.255.255.0  |   enp0s3  |   U   |
[   20.326558] cloud-init[634]: ci-info: |   2   |   10.0.2.2   | 0.0.0.0  | 255.255.255.255 |   enp0s3  |   UH  |
[   20.335843] cloud-init[634]: ci-info: |   3   | 172.17.177.0 | 0.0.0.0  |  255.255.255.0  |   enp0s8  |   U   |
[   20.349720] cloud-init[634]: ci-info: +-------+--------------+----------+-----------------+-----------+-------+
[   20.361771] cloud-init[634]: ci-info: +++++++++++++++++++Route IPv6 info+++++++++++++++++++
[   20.373789] cloud-init[634]: ci-info: +-------+-------------+---------+-----------+-------+
[   20.383846] cloud-init[634]: ci-info: | Route | Destination | Gateway | Interface | Flags |
[   20.394388] cloud-init[634]: ci-info: +-------+-------------+---------+-----------+-------+
[   20.419511] cloud-init[634]: ci-info: |   1   |  fe80::/64  |    ::   |   enp0s8  |   U   |
[   20.442053] cloud-init[634]: ci-info: |   2   |  fe80::/64  |    ::   |   enp0s3  |   U   |
[   20.463025] cloud-init[634]: ci-info: |   4   |    local    |    ::   |   enp0s3  |   U   |
[   20.484459] cloud-init[634]: ci-info: |   5   |    local    |    ::   |   enp0s8  |   U   |
[   20.494160] cloud-init[634]: ci-info: |   6   |   ff00::/8  |    ::   |   enp0s8  |   U   |
[   20.510343] cloud-init[634]: ci-info: |   7   |   ff00::/8  |    ::   |   enp0s3  |   U   |
[   20.528266] cloud-init[634]: ci-info: +-------+-------------+---------+-----------+-------+
[[0;32m  OK  [0m] Started Initial cloud-init job (metadata service crawler).
[[0;32m  OK  [0m] Reached target System Initialization.
[[0;32m  OK  [0m] Started Discard unused blocks once a week.
         Starting Socket activation for snappy daemon.
         Starting LXD - unix socket.
[[0;32m  OK  [0m] Listening on Open-iSCSI iscsid Socket.
[[0;32m  OK  [0m] Started Daily Cleanup of Temporary Directories.
[[0;32m  OK  [0m] Started Daily apt download activities.
[[0;32m  OK  [0m] Started Ubuntu Advantage update messaging.
[[0;32m  OK  [0m] Started ACPI Events Check.
[[0;32m  OK  [0m] Reached target Paths.
[[0;32m  OK  [0m] Listening on ACPID Listen Socket.
[[0;32m  OK  [0m] Listening on UUID daemon activation socket.
[[0;32m  OK  [0m] Started Daily apt upgrade and clean activities.
[[0;32m  OK  [0m] Listening on D-Bus System Message Bus Socket.
[[0;32m  OK  [0m] Started Message of the Day.
[[0;32m  OK  [0m] Reached target Timers.
[[0;32m  OK  [0m] Reached target Cloud-config availability.
[[0;32m  OK  [0m] Reached target Network is Online.
[[0;32m  OK  [0m] Reached target Remote File Systems (Pre).
         Mounting /vagrant...
         Starting Availability of block devices...
[[0;32m  OK  [0m] Listening on Socket activation for snappy daemon.
[[0;32m  OK  [0m] Listening on LXD - unix socket.
[[0;32m  OK  [0m] Mounted /vagrant.
[[0;32m  OK  [0m] Started Availability of block devices.
[[0;32m  OK  [0m] Reached target Remote File Systems.
[[0;32m  OK  [0m] Reached target Sockets.
[[0;32m  OK  [0m] Reached target Basic System.
         Starting Accounts Service...
         Starting Permit User Sessions...
         Starting OpenBSD Secure Shell server...
         Starting System Logging Service...
         Starting MySQL Community Server...
         Starting Message of the Day...
         Starting Login Service...
         Starting Dispatcher daemon for systemd-networkd...
         Starting Snap Daemon...
         Starting LXD - container startup/shutdown...
         Starting Ubuntu Advantage APT and MOTD Messages...
[[0;32m  OK  [0m] Started FUSE filesystem for LXC.
[[0;32m  OK  [0m] Started D-Bus System Message Bus.
[[0;32m  OK  [0m] Started Login Service.
[[0;32m  OK  [0m] Started Unattended Upgrades Shutdown.
[[0;32m  OK  [0m] Started irqbalance daemon.
[[0;32m  OK  [0m] Started Regular background program processing daemon.
         Starting Virtualbox guest utils...
[[0;32m  OK  [0m] Started Deferred execution scheduler.
         Starting LSB: Record successful boot for GRUB...
         Starting LSB: automatic crash report generation...
[[0;32m  OK  [0m] Started System Logging Service.
[[0;32m  OK  [0m] Started Permit User Sessions.
         Starting Terminate Plymouth Boot Screen...
         Starting Hold until boot process finishes up...
[[0;32m  OK  [0m] Started Terminate Plymouth Boot Screen.
[[0;32m  OK  [0m] Started Hold until boot process finishes up.
         Starting Authorization Manager...
         Starting Set console scheme...
[[0;32m  OK  [0m] Started Serial Getty on ttyS0.
[[0;32m  OK  [0m] Started OpenBSD Secure Shell server.
[[0;32m  OK  [0m] Started Set console scheme.
[[0;32m  OK  [0m] Created slice system-getty.slice.
[[0;32m  OK  [0m] Started Getty on tty1.
[[0;32m  OK  [0m] Reached target Login Prompts.
[[0;32m  OK  [0m] Started Authorization Manager.
[[0;32m  OK  [0m] Started Accounts Service.
[[0;32m  OK  [0m] Started LSB: automatic crash report generation.
[[0;32m  OK  [0m] Started LSB: Record successful boot for GRUB.
[[0;32m  OK  [0m] Started Virtualbox guest utils.
[[0;32m  OK  [0m] Created slice User Slice of vagrant.
[[0;32m  OK  [0m] Started Dispatcher daemon for systemd-networkd.
[[0;32m  OK  [0m] Started LXD - container startup/shutdown.
[[0;32m  OK  [0m] Started Session 1 of user vagrant.
         Starting User Manager for UID 1000...
[[0;32m  OK  [0m] Started User Manager for UID 1000.
[[0;32m  OK  [0m] Started Snap Daemon.
         Starting Wait until snapd is fully seeded...
[[0;32m  OK  [0m] Started Wait until snapd is fully seeded.
         Starting Apply the settings specified in cloud-config...
[[0;32m  OK  [0m] Started Ubuntu Advantage APT and MOTD Messages.

Ubuntu 18.04.6 LTS ubuntu-bionic ttyS0

ubuntu-bionic login: [   30.048979] cloud-init[1082]: Cloud-init v. 21.2-3-g899bfaa9-0ubuntu2~18.04.1 running 'modules:config' at Wed, 06 Oct 2021 23:21:54 +0000. Up 29.52 seconds.
[   31.562546] cloud-init[1359]: Cloud-init v. 21.2-3-g899bfaa9-0ubuntu2~18.04.1 running 'modules:final' at Wed, 06 Oct 2021 23:21:56 +0000. Up 31.30 seconds.
[   31.617111] cloud-init[1359]: Cloud-init v. 21.2-3-g899bfaa9-0ubuntu2~18.04.1 finished at Wed, 06 Oct 2021 23:21:56 +0000. Datasource DataSourceNoCloud [seed=/dev/sdb][dsmode=net].  Up 31.55 seconds
