[    0.000000] Linux version 4.15.0-159-generic (buildd@lgw01-amd64-055) (gcc version 7.5.0 (Ubuntu 7.5.0-3ubuntu1~18.04)) #167-Ubuntu SMP Tue Sep 21 08:55:05 UTC 2021 (Ubuntu 4.15.0-159.167-generic 4.15.18)
[    0.000000] Command line: BOOT_IMAGE=/boot/vmlinuz-4.15.0-159-generic root=LABEL=cloudimg-rootfs ro console=tty1 console=ttyS0
[    0.000000] KERNEL supported cpus:
[    0.000000]   Intel GenuineIntel
[    0.000000]   AMD AuthenticAMD
[    0.000000]   Centaur CentaurHauls
[    0.000000] x86/fpu: x87 FPU will use FXSAVE
[    0.000000] e820: BIOS-provided physical RAM map:
[    0.000000] BIOS-e820: [mem 0x0000000000000000-0x000000000009fbff] usable
[    0.000000] BIOS-e820: [mem 0x000000000009fc00-0x000000000009ffff] reserved
[    0.000000] BIOS-e820: [mem 0x00000000000f0000-0x00000000000fffff] reserved
[    0.000000] BIOS-e820: [mem 0x0000000000100000-0x000000001ffeffff] usable
[    0.000000] BIOS-e820: [mem 0x000000001fff0000-0x000000001fffffff] ACPI data
[    0.000000] BIOS-e820: [mem 0x00000000fec00000-0x00000000fec00fff] reserved
[    0.000000] BIOS-e820: [mem 0x00000000fee00000-0x00000000fee00fff] reserved
[    0.000000] BIOS-e820: [mem 0x00000000fffc0000-0x00000000ffffffff] reserved
[    0.000000] NX (Execute Disable) protection: active
[    0.000000] SMBIOS 2.5 present.
[    0.000000] DMI: innotek GmbH VirtualBox/VirtualBox, BIOS VirtualBox 12/01/2006
[    0.000000] Hypervisor detected: KVM
[    0.000000] e820: last_pfn = 0x1fff0 max_arch_pfn = 0x400000000
[    0.000000] MTRR: Disabled
[    0.000000] x86/PAT: MTRRs disabled, skipping PAT initialization too.
[    0.000000] CPU MTRRs all blank - virtualized system.
[    0.000000] x86/PAT: Configuration [0-7]: WB  WT  UC- UC  WB  WT  UC- UC  
[    0.000000] found SMP MP-table at [mem 0x0009fff0-0x0009ffff]
[    0.000000] Scanning 1 areas for low memory corruption
[    0.000000] RAMDISK: [mem 0x1db28000-0x1ee39fff]
[    0.000000] ACPI: Early table checksum verification disabled
[    0.000000] ACPI: RSDP 0x00000000000E0000 000024 (v02 VBOX  )
[    0.000000] ACPI: XSDT 0x000000001FFF0030 00003C (v01 VBOX   VBOXXSDT 00000001 ASL  00000061)
[    0.000000] ACPI: FACP 0x000000001FFF00F0 0000F4 (v04 VBOX   VBOXFACP 00000001 ASL  00000061)
[    0.000000] ACPI: DSDT 0x000000001FFF0470 002325 (v02 VBOX   VBOXBIOS 00000002 INTL 20100528)
[    0.000000] ACPI: FACS 0x000000001FFF0200 000040
[    0.000000] ACPI: FACS 0x000000001FFF0200 000040
[    0.000000] ACPI: APIC 0x000000001FFF0240 000054 (v02 VBOX   VBOXAPIC 00000001 ASL  00000061)
[    0.000000] ACPI: SSDT 0x000000001FFF02A0 0001CC (v01 VBOX   VBOXCPUT 00000002 INTL 20100528)
[    0.000000] ACPI: Reserving FACP table memory at [mem 0x1fff00f0-0x1fff01e3]
[    0.000000] ACPI: Reserving DSDT table memory at [mem 0x1fff0470-0x1fff2794]
[    0.000000] ACPI: Reserving FACS table memory at [mem 0x1fff0200-0x1fff023f]
[    0.000000] ACPI: Reserving FACS table memory at [mem 0x1fff0200-0x1fff023f]
[    0.000000] ACPI: Reserving APIC table memory at [mem 0x1fff0240-0x1fff0293]
[    0.000000] ACPI: Reserving SSDT table memory at [mem 0x1fff02a0-0x1fff046b]
[    0.000000] No NUMA configuration found
[    0.000000] Faking a node at [mem 0x0000000000000000-0x000000001ffeffff]
[    0.000000] NODE_DATA(0) allocated [mem 0x1ffc5000-0x1ffeffff]
[    0.000000] kvm-clock: cpu 0, msr 0:1ff44001, primary cpu clock
[    0.000000] kvm-clock: Using msrs 4b564d01 and 4b564d00
[    0.000000] kvm-clock: using sched offset of 6133617115 cycles
[    0.000000] clocksource: kvm-clock: mask: 0xffffffffffffffff max_cycles: 0x1cd42e4dffb, max_idle_ns: 881590591483 ns
[    0.000000] Zone ranges:
[    0.000000]   DMA      [mem 0x0000000000001000-0x0000000000ffffff]
[    0.000000]   DMA32    [mem 0x0000000001000000-0x000000001ffeffff]
[    0.000000]   Normal   empty
[    0.000000]   Device   empty
[    0.000000] Movable zone start for each node
[    0.000000] Early memory node ranges
[    0.000000]   node   0: [mem 0x0000000000001000-0x000000000009efff]
[    0.000000]   node   0: [mem 0x0000000000100000-0x000000001ffeffff]
[    0.000000] Reserved but unavailable: 104 pages
[    0.000000] Initmem setup node 0 [mem 0x0000000000001000-0x000000001ffeffff]
[    0.000000] ACPI: PM-Timer IO Port: 0x4008
[    0.000000] IOAPIC[0]: apic_id 1, version 32, address 0xfec00000, GSI 0-23
[    0.000000] ACPI: INT_SRC_OVR (bus 0 bus_irq 0 global_irq 2 dfl dfl)
[    0.000000] ACPI: INT_SRC_OVR (bus 0 bus_irq 9 global_irq 9 low level)
[    0.000000] Using ACPI (MADT) for SMP configuration information
[    0.000000] smpboot: Allowing 1 CPUs, 0 hotplug CPUs
[    0.000000] PM: Registered nosave memory: [mem 0x00000000-0x00000fff]
[    0.000000] PM: Registered nosave memory: [mem 0x0009f000-0x0009ffff]
[    0.000000] PM: Registered nosave memory: [mem 0x000a0000-0x000effff]
[    0.000000] PM: Registered nosave memory: [mem 0x000f0000-0x000fffff]
[    0.000000] e820: [mem 0x20000000-0xfebfffff] available for PCI devices
[    0.000000] Booting paravirtualized kernel on KVM
[    0.000000] clocksource: refined-jiffies: mask: 0xffffffff max_cycles: 0xffffffff, max_idle_ns: 7645519600211568 ns
[    0.000000] random: get_random_bytes called from start_kernel+0x99/0x500 with crng_init=0
[    0.000000] setup_percpu: NR_CPUS:8192 nr_cpumask_bits:1 nr_cpu_ids:1 nr_node_ids:1
[    0.000000] percpu: Embedded 45 pages/cpu s147456 r8192 d28672 u2097152
[    0.000000] PV qspinlock hash table entries: 256 (order: 0, 4096 bytes)
[    0.000000] Built 1 zonelists, mobility grouping on.  Total pages: 128889
[    0.000000] Policy zone: DMA32
[    0.000000] Kernel command line: BOOT_IMAGE=/boot/vmlinuz-4.15.0-159-generic root=LABEL=cloudimg-rootfs ro console=tty1 console=ttyS0
[    0.000000] Memory: 466792K/523832K available (12300K kernel code, 2483K rwdata, 4320K rodata, 2448K init, 2724K bss, 57040K reserved, 0K cma-reserved)
[    0.000000] SLUB: HWalign=64, Order=0-3, MinObjects=0, CPUs=1, Nodes=1
[    0.000000] Kernel/User page tables isolation: enabled
[    0.000000] ftrace: allocating 39471 entries in 155 pages
[    0.004000] Hierarchical RCU implementation.
[    0.004000] 	RCU restricting CPUs from NR_CPUS=8192 to nr_cpu_ids=1.
[    0.004000] 	Tasks RCU enabled.
[    0.004000] RCU: Adjusting geometry for rcu_fanout_leaf=16, nr_cpu_ids=1
[    0.004000] NR_IRQS: 524544, nr_irqs: 256, preallocated irqs: 16
[    0.004000] Console: colour VGA+ 80x25
[    0.004000] console [tty1] enabled
[    0.004000] console [ttyS0] enabled
[    0.004000] ACPI: Core revision 20170831
[    0.004000] ACPI: 2 ACPI AML tables successfully acquired and loaded
[    0.004000] APIC: Switch to symmetric I/O mode setup
[    0.008000] ..TIMER: vector=0x30 apic1=0 pin1=2 apic2=-1 pin2=-1
[    0.008006] tsc: Detected 2591.998 MHz processor
[    0.012012] Calibrating delay loop (skipped) preset value.. 5183.99 BogoMIPS (lpj=10367992)
[    0.016007] pid_max: default: 32768 minimum: 301
[    0.020091] Security Framework initialized
[    0.024006] Yama: becoming mindful.
[    0.028029] AppArmor: AppArmor initialized
[    0.032122] Dentry cache hash table entries: 65536 (order: 7, 524288 bytes)
[    0.036043] Inode-cache hash table entries: 32768 (order: 6, 262144 bytes)
[    0.040038] Mount-cache hash table entries: 1024 (order: 1, 8192 bytes)
[    0.044019] Mountpoint-cache hash table entries: 1024 (order: 1, 8192 bytes)
[    0.052647] Last level iTLB entries: 4KB 64, 2MB 8, 4MB 8
[    0.056003] Last level dTLB entries: 4KB 64, 2MB 0, 4MB 0, 1GB 4
[    0.060008] Spectre V1 : Mitigation: usercopy/swapgs barriers and __user pointer sanitization
[    0.064005] Spectre V2 : Mitigation: Full generic retpoline
[    0.068006] Spectre V2 : Spectre v2 / SpectreRSB mitigation: Filling RSB on context switch
[    0.072011] Speculative Store Bypass: Vulnerable
[    0.076045] MDS: Mitigation: Clear CPU buffers
[    0.088000] Freeing SMP alternatives memory: 36K
[    0.200673] smpboot: CPU0: Intel(R) Core(TM) i7-6700HQ CPU @ 2.60GHz (family: 0x6, model: 0x5e, stepping: 0x3)
[    0.204095] Performance Events: unsupported p6 CPU model 94 no PMU driver, software events only.
[    0.208090] Hierarchical SRCU implementation.
[    0.212590] NMI watchdog: Perf event create on CPU 0 failed with -2
[    0.216006] NMI watchdog: Perf NMI watchdog permanently disabled
[    0.220164] smp: Bringing up secondary CPUs ...
[    0.224006] smp: Brought up 1 node, 1 CPU
[    0.228007] smpboot: Max logical packages: 1
[    0.232004] smpboot: Total of 1 processors activated (5183.99 BogoMIPS)
[    0.236132] devtmpfs: initialized
[    0.240058] x86/mm: Memory block size: 128MB
[    0.244120] evm: security.selinux
[    0.248012] evm: security.SMACK64
[    0.252005] evm: security.SMACK64EXEC
[    0.256003] evm: security.SMACK64TRANSMUTE
[    0.260008] evm: security.SMACK64MMAP
[    0.264003] evm: security.apparmor
[    0.268005] evm: security.ima
[    0.272024] evm: security.capability
[    0.276132] clocksource: jiffies: mask: 0xffffffff max_cycles: 0xffffffff, max_idle_ns: 7645041785100000 ns
[    0.280026] futex hash table entries: 256 (order: 2, 16384 bytes)
[    0.284052] pinctrl core: initialized pinctrl subsystem
[    0.288577] RTC time:  0:29:12, date: 10/06/21
[    0.292166] NET: Registered protocol family 16
[    0.296070] audit: initializing netlink subsys (disabled)
[    0.300166] cpuidle: using governor ladder
[    0.304008] audit: type=2000 audit(1633480159.336:1): state=initialized audit_enabled=0 res=1
[    0.308052] cpuidle: using governor menu
[    0.312059] ACPI: bus type PCI registered
[    0.316004] acpiphp: ACPI Hot Plug PCI Controller Driver version: 0.5
[    0.320460] PCI: Using configuration type 1 for base access
[    0.325244] HugeTLB registered 2.00 MiB page size, pre-allocated 0 pages
[    0.328212] ACPI: Added _OSI(Module Device)
[    0.332021] ACPI: Added _OSI(Processor Device)
[    0.336009] ACPI: Added _OSI(3.0 _SCP Extensions)
[    0.340006] ACPI: Added _OSI(Processor Aggregator Device)
[    0.344042] ACPI: Added _OSI(Linux-Dell-Video)
[    0.348022] ACPI: Added _OSI(Linux-Lenovo-NV-HDMI-Audio)
[    0.352005] ACPI: Added _OSI(Linux-HPI-Hybrid-Graphics)
[    0.360302] ACPI: Executed 1 blocks of module-level executable AML code
[    0.369686] ACPI: Interpreter enabled
[    0.372016] ACPI: (supports S0 S5)
[    0.376003] ACPI: Using IOAPIC for interrupt routing
[    0.380555] PCI: Using host bridge windows from ACPI; if necessary, use "pci=nocrs" and report a bug
[    0.384405] ACPI: Enabled 2 GPEs in block 00 to 07
[    0.403044] ACPI: PCI Root Bridge [PCI0] (domain 0000 [bus 00-ff])
[    0.404019] acpi PNP0A03:00: _OSC: OS supports [ASPM ClockPM Segments MSI]
[    0.409102] acpi PNP0A03:00: _OSC: not requesting OS control; OS requires [ExtendedConfig ASPM ClockPM MSI]
[    0.412044] acpi PNP0A03:00: fail to add MMCONFIG information, can't access extended PCI configuration space under this bridge.
[    0.420387] PCI host bridge to bus 0000:00
[    0.424009] pci_bus 0000:00: root bus resource [io  0x0000-0x0cf7 window]
[    0.428006] pci_bus 0000:00: root bus resource [io  0x0d00-0xffff window]
[    0.432011] pci_bus 0000:00: root bus resource [mem 0x000a0000-0x000bffff window]
[    0.436011] pci_bus 0000:00: root bus resource [mem 0x20000000-0xfdffffff window]
[    0.440007] pci_bus 0000:00: root bus resource [bus 00-ff]
[    0.456941] pci 0000:00:01.1: legacy IDE quirk: reg 0x10: [io  0x01f0-0x01f7]
[    0.460009] pci 0000:00:01.1: legacy IDE quirk: reg 0x14: [io  0x03f6]
[    0.464004] pci 0000:00:01.1: legacy IDE quirk: reg 0x18: [io  0x0170-0x0177]
[    0.468008] pci 0000:00:01.1: legacy IDE quirk: reg 0x1c: [io  0x0376]
[    0.569406] pci 0000:00:07.0: quirk: [io  0x4000-0x403f] claimed by PIIX4 ACPI
[    0.572062] pci 0000:00:07.0: quirk: [io  0x4100-0x410f] claimed by PIIX4 SMB
[    0.608274] ACPI: PCI Interrupt Link [LNKA] (IRQs 5 9 10 *11)
[    0.616235] ACPI: PCI Interrupt Link [LNKB] (IRQs 5 9 *10 11)
[    0.620340] ACPI: PCI Interrupt Link [LNKC] (IRQs 5 *9 10 11)
[    0.624272] ACPI: PCI Interrupt Link [LNKD] (IRQs 5 9 10 *11)
[    0.628470] SCSI subsystem initialized
[    0.632145] pci 0000:00:02.0: vgaarb: setting as boot VGA device
[    0.636000] pci 0000:00:02.0: vgaarb: VGA device added: decodes=io+mem,owns=io+mem,locks=none
[    0.636009] pci 0000:00:02.0: vgaarb: bridge control possible
[    0.640007] vgaarb: loaded
[    0.644051] ACPI: bus type USB registered
[    0.648021] usbcore: registered new interface driver usbfs
[    0.652032] usbcore: registered new interface driver hub
[    0.656022] usbcore: registered new device driver usb
[    0.660097] EDAC MC: Ver: 3.0.0
[    0.665133] PCI: Using ACPI for IRQ routing
[    0.668960] NetLabel: Initializing
[    0.672007] NetLabel:  domain hash size = 128
[    0.676002] NetLabel:  protocols = UNLABELED CIPSOv4 CALIPSO
[    0.680037] NetLabel:  unlabeled traffic allowed by default
[    0.684157] clocksource: Switched to clocksource kvm-clock
[    0.762870] VFS: Disk quotas dquot_6.6.0
[    0.768027] VFS: Dquot-cache hash table entries: 512 (order 0, 4096 bytes)
[    0.778311] AppArmor: AppArmor Filesystem Enabled
[    0.784515] pnp: PnP ACPI init
[    0.790839] pnp: PnP ACPI: found 3 devices
[    0.806612] clocksource: acpi_pm: mask: 0xffffff max_cycles: 0xffffff, max_idle_ns: 2085701024 ns
[    0.818864] NET: Registered protocol family 2
[    0.824726] IP idents hash table entries: 8192 (order: 4, 65536 bytes)
[    0.835579] TCP established hash table entries: 4096 (order: 3, 32768 bytes)
[    0.844869] TCP bind hash table entries: 4096 (order: 4, 65536 bytes)
[    0.852822] TCP: Hash tables configured (established 4096 bind 4096)
[    0.861927] UDP hash table entries: 256 (order: 1, 8192 bytes)
[    0.869458] UDP-Lite hash table entries: 256 (order: 1, 8192 bytes)
[    0.878299] NET: Registered protocol family 1
[    0.884242] pci 0000:00:00.0: Limiting direct PCI/PCI transfers
[    0.892450] pci 0000:00:01.0: Activating ISA DMA hang workarounds
[    0.901488] pci 0000:00:02.0: Video device with shadowed ROM at [mem 0x000c0000-0x000dffff]
[    0.912993] Unpacking initramfs...
[    1.696126] Freeing initrd memory: 19528K
[    1.702190] clocksource: tsc: mask: 0xffffffffffffffff max_cycles: 0x255cb518234, max_idle_ns: 440795279333 ns
[    1.714980] platform rtc_cmos: registered platform RTC device (no PNP device found)
[    1.724135] Scanning for low memory corruption every 60 seconds
[    1.733009] Initialise system trusted keyrings
[    1.738356] Key type blacklist registered
[    1.744792] workingset: timestamp_bits=36 max_order=17 bucket_order=0
[    1.755648] zbud: loaded
[    1.761605] squashfs: version 4.0 (2009/01/31) Phillip Lougher
[    1.769545] fuse init (API version 7.26)
[    1.778832] Key type asymmetric registered
[    1.784735] Asymmetric key parser 'x509' registered
[    1.791044] Block layer SCSI generic (bsg) driver version 0.4 loaded (major 246)
[    1.801900] io scheduler noop registered
[    1.806944] io scheduler deadline registered
[    1.813335] io scheduler cfq registered (default)
[    1.819843] ACPI: AC Adapter [AC] (on-line)
[    1.825252] input: Power Button as /devices/LNXSYSTM:00/LNXPWRBN:00/input/input0
[    1.836436] ACPI: Power Button [PWRF]
[    1.841197] input: Sleep Button as /devices/LNXSYSTM:00/LNXSLPBN:00/input/input1
[    1.851982] ACPI: Sleep Button [SLPF]
[    1.858844] ACPI: Battery Slot [BAT0] (battery present)
[    1.867095] Serial: 8250/16550 driver, 32 ports, IRQ sharing enabled
[    1.913940] 00:02: ttyS0 at I/O 0x3f8 (irq = 4, base_baud = 115200) is a 16550A
[    1.930001] Linux agpgart interface v0.103
[    1.944727] loop: module loaded
[    1.950935] scsi host0: ata_piix
[    1.955242] scsi host1: ata_piix
[    1.959283] ata1: PATA max UDMA/33 cmd 0x1f0 ctl 0x3f6 bmdma 0xd000 irq 14
[    1.969401] ata2: PATA max UDMA/33 cmd 0x170 ctl 0x376 bmdma 0xd008 irq 15
[    1.982313] libphy: Fixed MDIO Bus: probed
[    1.987537] tun: Universal TUN/TAP device driver, 1.6
[    1.994128] PPP generic driver version 2.4.2
[    1.999476] ehci_hcd: USB 2.0 'Enhanced' Host Controller (EHCI) Driver
[    2.007291] ehci-pci: EHCI PCI platform driver
[    2.014792] ehci-platform: EHCI generic platform driver
[    2.021328] ohci_hcd: USB 1.1 'Open' Host Controller (OHCI) Driver
[    2.029378] ohci-pci: OHCI PCI platform driver
[    2.035512] ohci-platform: OHCI generic platform driver
[    2.041938] uhci_hcd: USB Universal Host Controller Interface driver
[    2.050495] i8042: PNP: PS/2 Controller [PNP0303:PS2K,PNP0f03:PS2M] at 0x60,0x64 irq 1,12
[    2.065790] serio: i8042 KBD port at 0x60,0x64 irq 1
[    2.072034] serio: i8042 AUX port at 0x60,0x64 irq 12
[    2.078907] mousedev: PS/2 mouse device common for all mice
[    2.087735] input: AT Translated Set 2 keyboard as /devices/platform/i8042/serio0/input/input2
[    2.100730] rtc_cmos rtc_cmos: rtc core: registered rtc_cmos as rtc0
[    2.108918] rtc_cmos rtc_cmos: alarms up to one day, 114 bytes nvram
[    2.119684] i2c /dev entries driver
[    2.124332] device-mapper: uevent: version 1.0.3
[    2.131462] device-mapper: ioctl: 4.37.0-ioctl (2017-09-20) initialised: dm-devel@redhat.com
[    2.212893] ledtrig-cpu: registered to indicate activity on CPUs
[    2.220671] NET: Registered protocol family 10
[    2.233719] Segment Routing with IPv6
[    2.238528] NET: Registered protocol family 17
[    2.244617] Key type dns_resolver registered
[    2.250787] mce: Using 0 MCE banks
[    2.255450] RAS: Correctable Errors collector initialized.
[    2.262708] sched_clock: Marking stable (2262608325, 0)->(3817388827, -1554780502)
[    2.272023] registered taskstats version 1
[    2.277870] Loading compiled-in X.509 certificates
[    2.287639] Loaded X.509 cert 'Build time autogenerated kernel key: bf5768e0b2369bd53acb56866ca104cf5a2c379b'
[    2.301680] Loaded X.509 cert 'Canonical Ltd. Live Patch Signing: 14df34d1a87cf37625abec039ef2bf521249b969'
[    2.314640] Loaded X.509 cert 'Canonical Ltd. Kernel Module Signing: 88f752e560a1e0737e31163a466ad7b70a850c19'
[    2.328645] zswap: loaded using pool lzo/zbud
[    2.339668] Key type big_key registered
[    2.345268] Key type trusted registered
[    2.352864] Key type encrypted registered
[    2.359285] AppArmor: AppArmor sha1 policy hashing enabled
[    2.368989] ima: No TPM chip found, activating TPM-bypass! (rc=-19)
[    2.377282] ima: Allocated hash algorithm: sha1
[    2.384897] evm: HMAC attrs: 0x1
[    2.389966]   Magic number: 9:397:455
[    2.396529] rtc_cmos rtc_cmos: setting system clock to 2021-10-06 00:29:15 UTC (1633480155)
[    2.406620] BIOS EDD facility v0.16 2004-Jun-25, 0 devices found
[    2.415267] EDD information not available.
[    2.423969] Freeing unused kernel image memory: 2448K
[    2.436554] Write protecting the kernel read-only data: 20480k
[    2.446791] Freeing unused kernel image memory: 2008K
[    2.454674] Freeing unused kernel image memory: 1824K
[    2.467420] x86/mm: Checked W+X mappings: passed, no W+X pages found.
[    2.476169] x86/mm: Checking user space page tables
[    2.489306] x86/mm: Checked W+X mappings: passed, no W+X pages found.
Loading, please wait...
starting version 237
[    2.655879] e1000: Intel(R) PRO/1000 Network Driver - version 7.3.21-k8-NAPI
[    2.668169] e1000: Copyright (c) 1999-2006 Intel Corporation.
[    2.683913] Fusion MPT base driver 3.04.20
[    2.690565] Copyright (c) 1999-2008 LSI Corporation
[    2.802343] Fusion MPT SPI Host driver 3.04.20
[    2.997466] input: ImExPS/2 Generic Explorer Mouse as /devices/platform/i8042/serio1/input/input4
[    3.694827] e1000 0000:00:03.0 eth0: (PCI:33MHz:32-bit) 02:2f:77:f1:0c:e0
[    3.704429] e1000 0000:00:03.0 eth0: Intel(R) PRO/1000 Network Connection
[    3.715875] mptbase: ioc0: Initiating bringup
[    3.824731] ioc0: LSI53C1030 A0: Capabilities={Initiator}
[    4.094702] scsi host2: ioc0: LSI53C1030 A0, FwRev=00000000h, Ports=1, MaxQ=256, IRQ=20
[    4.273855] scsi 2:0:0:0: Direct-Access     VBOX     HARDDISK         1.0  PQ: 0 ANSI: 5
[    4.288560] scsi target2:0:0: Beginning Domain Validation
[    4.299716] random: fast init done
[    4.313685] scsi target2:0:0: Domain Validation skipping write tests
[    4.322639] scsi target2:0:0: Ending Domain Validation
[    4.350468] scsi target2:0:0: asynchronous
[    4.389529] scsi 2:0:1:0: Direct-Access     VBOX     HARDDISK         1.0  PQ: 0 ANSI: 5
[    4.410154] scsi target2:0:1: Beginning Domain Validation
[    4.470863] scsi target2:0:1: Domain Validation skipping write tests
[    4.478898] scsi target2:0:1: Ending Domain Validation
[    4.498040] scsi target2:0:1: asynchronous
[    4.659805] sd 2:0:0:0: Attached scsi generic sg0 type 0
[    4.669529] sd 2:0:0:0: [sda] 83886080 512-byte logical blocks: (42.9 GB/40.0 GiB)
[    4.680258] random: systemd-udevd: uninitialized urandom read (16 bytes read)
[    4.691718] sd 2:0:1:0: [sdb] 20480 512-byte logical blocks: (10.5 MB/10.0 MiB)
[    4.703276] sd 2:0:1:0: Attached scsi generic sg1 type 0
[    4.710599] sd 2:0:0:0: [sda] Write Protect is off
[    4.727462] sd 2:0:1:0: [sdb] Write Protect is off
[    4.735821] sd 2:0:0:0: [sda] Incomplete mode parameter data
[    4.742854] sd 2:0:0:0: [sda] Assuming drive cache: write through
[    4.751981] random: systemd-udevd: uninitialized urandom read (16 bytes read)
[    4.772806] sd 2:0:1:0: [sdb] Incomplete mode parameter data
[    4.782511] sd 2:0:1:0: [sdb] Assuming drive cache: write through
[    4.796894] random: systemd-udevd: uninitialized urandom read (16 bytes read)
[    4.807089]  sda: sda1
[    4.822347] sd 2:0:1:0: [sdb] Attached SCSI disk
[    4.845282] sd 2:0:0:0: [sda] Attached SCSI disk
[    5.437087] e1000 0000:00:08.0 eth1: (PCI:33MHz:32-bit) 08:00:27:d7:82:7e
[    5.446856] e1000 0000:00:08.0 eth1: Intel(R) PRO/1000 Network Connection
[    5.458439] e1000 0000:00:08.0 enp0s8: renamed from eth1
[    5.483081] e1000 0000:00:03.0 enp0s3: renamed from eth0
Begin: Loading essential drivers ... [    8.012104] raid6: sse2x1   gen()  6612 MB/s
[    8.076248] raid6: sse2x1   xor()  5154 MB/s
[    8.140358] raid6: sse2x2   gen()  8956 MB/s
[    8.204209] raid6: sse2x2   xor()  6202 MB/s
[    8.257017] raid6: sse2x4   gen() 11417 MB/s
[    8.312198] raid6: sse2x4   xor()  7582 MB/s
[    8.320193] raid6: using algorithm sse2x4 gen() 11417 MB/s
[    8.328178] raid6: .... xor() 7582 MB/s, rmw enabled
[    8.334737] raid6: using ssse3x2 recovery algorithm
[    8.342569] xor: measuring software checksum speed
[    8.452606]    prefetch64-sse: 35935.000 MB/sec
[    8.568707]    generic_sse: 37751.000 MB/sec
[    8.576207] xor: using function: generic_sse (37751.000 MB/sec)
[    8.586848] async_tx: api initialized (async)
done.
Begin: Running /scripts/init-premount ... done.
Begin: Mounting root file system ... Begin: Running /scripts/local-top ... done.
Begin: Running /scripts/local-premount ... [    8.684621] Btrfs loaded, crc32c=crc32c-intel
Scanning for Btrfs filesystems
done.
Warning: fsck not present, so skipping root file system
[    8.788348] EXT4-fs (sda1): mounted filesystem with ordered data mode. Opts: (null)
done.
Begin: Running /scripts/local-bottom ... done.
Begin: Running /scripts/init-bottom ... done.
[    9.183605] ip_tables: (C) 2000-2006 Netfilter Core Team
[    9.217458] systemd[1]: systemd 237 running in system mode. (+PAM +AUDIT +SELINUX +IMA +APPARMOR +SMACK +SYSVINIT +UTMP +LIBCRYPTSETUP +GCRYPT +GNUTLS +ACL +XZ +LZ4 +SECCOMP +BLKID +ELFUTILS +KMOD -IDN2 +IDN -PCRE2 default-hierarchy=hybrid)
[    9.245452] systemd[1]: Detected virtualization oracle.
[    9.253691] systemd[1]: Detected architecture x86-64.

Welcome to [1mUbuntu 18.04.6 LTS[0m!

[    9.269300] systemd[1]: Set hostname to <ubuntu>.
[    9.292418] systemd[1]: Initializing machine ID from random generator.
[    9.300232] systemd[1]: Installed transient /etc/machine-id file.
[    9.912684] systemd[1]: Set up automount Arbitrary Executable File Formats File System Automount Point.
[[0;32m  OK  [0m] Set up automount Arbitrary Executabâ€¦rmats File System Automount Point.
[    9.933476] systemd[1]: Reached target Swap.
[[0;32m  OK  [0m] Reached target Swap.
[    9.946544] systemd[1]: Created slice System Slice.
[[0;32m  OK  [0m] Created slice System Slice.
[    9.958648] systemd[1]: Listening on Network Service Netlink Socket.
[[0;32m  OK  [0m] Listening on Network Service Netlink Socket.
[[0;32m  OK  [0m] Listening on LVM2 metadata daemon socket.
[[0;32m  OK  [0m] Listening on LVM2 poll daemon socket.
[[0;32m  OK  [0m] Listening on Device-mapper event daemon FIFOs.
[[0;32m  OK  [0m] Listening on fsck to fsckd communication Socket.
[[0;32m  OK  [0m] Created slice system-serial\x2dgetty.slice.
[[0;32m  OK  [0m] Listening on Syslog Socket.
[[0;32m  OK  [0m] Created slice User and Session Slice.
[[0;32m  OK  [0m] Started Forward Password Requests to Wall Directory Watch.
[[0;32m  OK  [0m] Listening on udev Control Socket.
[[0;32m  OK  [0m] Listening on udev Kernel Socket.
[[0;32m  OK  [0m] Reached target User and Group Name Lookups.
[[0;32m  OK  [0m] Listening on Journal Socket.
         Starting Uncomplicated firewall...
         Mounting POSIX Message Queue File System...
         Starting udev Coldplug all Devices...
         Starting Create list of required stâ€¦ce nodes for the current kernel...
         Mounting Huge Pages File System...
         Starting File System Check on Root Device...
         Starting Monitoring of LVM2 mirrorsâ€¦ng dmeventd or progress polling...
         Starting Load Kernel Modules...
         Mounting Kernel Debug File System...
         Starting Set the console keyboard layout...
[[0;32m  OK  [0m] Listening on Journal Audit Socket.
[[0;32m  OK  [0m] Reached target System Time Synchronized.
[[0;32m  OK  [0m] Listening on Journal Socket (/dev/log).
[[0;32m  OK  [0m] Reached target Slices.
         Starting Journal Service...
[[0;32m  OK  [0m] Listening on /dev/initctl Compatibility Named Pipe.
[[0;32m  OK  [0m] Started Uncomplicated firewall.
[[0;32m  OK  [0m] Mounted POSIX Message Queue File System.
[[0;32m  OK  [0m] Started Create list of required staâ€¦vice nodes for the current kernel.[   10.340571] Loading iSCSI transport class v2.0-870.

[[0;32m  OK  [0m] Mounted Huge Pages File System.
[[0;32m  OK  [0m] Mounted Kernel Debug File System.
[[0;32m  OK  [0m] Started LVM2 metadata daemon.
[[0;32m  OK  [0m] Started File System Check Daemon to report status.
         Starting Create Static Device Nodes in /dev...
[[0;32m  OK  [0m] Started File System Check on Root Device.
         Starting Remount Root and Kernel File Systems...
[   10.477078] iscsi: registered transport (tcp)
[[0;32m  OK  [0m] Started Create Static Device Nodes in /dev.
[[0;32m  OK  [0m] Started Journal Service.
[[0;32m  OK  [0m[   10.582151] EXT4-fs (sda1): re-mounted. Opts: (null)
] Started udev Coldplug all Devices.
[[0;32m  OK  [0m] Started Monitoring of LVM2 mirrors,â€¦sing dmeventd or progress polling.
[[0;32m  OK  [0m] Started Remount Root and Kernel File Systems.
[   10.649688] iscsi: registered transport (iser)
         Starting udev Kernel Device Manager...
         Starting Flush Journal to Persistent Storage...
         Starting Load/Save Random Seed...
[[0;32m  OK  [0m] Started Load Kernel Modules.
         Starting Apply Kernel Variables...
         Mounting FUSE Control File System...
         Mounting Kernel Configuration File System...
[[0;32m  OK  [0m] Mounted FUSE Control File System.
[   10.785317] systemd-journald[389]: Received request to flush runtime journal from PID 1
[[0;32m  OK  [0m] Mounted Kernel Configuration File System.[   10.808556] random: crng init done
[   10.813466] random: 7 urandom warning(s) missed due to ratelimiting

[[0;32m  OK  [0m] Started udev Kernel Device Manager.
[[0;32m  OK  [0m] Started Set the console keyboard layout.
[[0;32m  OK  [0m] Started Load/Save Random Seed.
[[0;32m  OK  [0m] Started Flush Journal to Persistent Storage.
[[0;32m  OK  [0m] Started Apply Kernel Variables.
[[0;32m  OK  [0m] Reached target Local File Systems (Pre).
[[0;32m  OK  [0m] Reached target Local File Systems.
         Starting Create Volatile Files and Directories...
         Starting Commit a transient machine-id on disk...
         Starting AppArmor initialization...
         Starting Set console font and keymap...
         Starting Tell Plymouth To Write Out Runtime Data...
         Starting ebtables ruleset management...
[[0;32m  OK  [0m] Started Dispatch Password Requests to Console Directory Watch.
[[0;32m  OK  [0m] Reached target Local Encrypted Volumes.
[[0;32m  OK  [0m] Started Commit a transient machine-id on disk.
[[0;32m  OK  [0m] Started Create Volatile Files and Directories.
[[0;32m  OK  [0m] Started Set console font and keymap.
[[0;32m  OK  [0m] Started Tell Plymouth To Write Out Runtime Data.
         Starting Update UTMP about System Boot/Shutdown...
[[0;32m  OK  [0m] Started Update UTMP about System Boot/Shutdown.
[[0;32m  OK  [0m] Started ebtables ruleset management.
[[0;32m  OK  [0m] Found device /dev/ttyS0.
[[0;32m  OK  [0m] Listening on Load/Save RF Kill Switch Status /dev/rfkill Watch.
[[0;32m  OK  [0m] Started AppArmor initialization.
         Starting Load AppArmor profiles managed internally by snapd...
         Starting Initial cloud-init job (pre-networking)...
[[0;32m  OK  [0m] Started Load AppArmor profiles managed internally by snapd.
[   16.405676] cloud-init[552]: Cloud-init v. 21.2-3-g899bfaa9-0ubuntu2~18.04.1 running 'init-local' at Wed, 06 Oct 2021 00:29:28 +0000. Up 15.79 seconds.
[[0;32m  OK  [0m] Started Initial cloud-init job (pre-networking).
[[0;32m  OK  [0m] Reached target Network (Pre).
         Starting Network Service...
[[0;32m  OK  [0m] Started Network Service.
         Starting Wait for Network to be Configured...
         Starting Network Name Resolution...
[[0;32m  OK  [0m] Started Network Name Resolution.
[[0;32m  OK  [0m] Reached target Host and Network Name Lookups.
[[0;32m  OK  [0m] Reached target Network.
[[0;32m  OK  [0m] Started Wait for Network to be Configured.
         Starting Initial cloud-init job (metadata service crawler)...
[   18.986787] cloud-init[668]: Cloud-init v. 21.2-3-g899bfaa9-0ubuntu2~18.04.1 running 'init' at Wed, 06 Oct 2021 00:29:31 +0000. Up 18.79 seconds.
[   19.007958] cloud-init[668]: ci-info: ++++++++++++++++++++++++++++++++++++++Net device info++++++++++++++++++++++++++++++++++++++
[   19.023386] cloud-init[668]: ci-info: +--------+-------+---------------------------+---------------+--------+-------------------+
[   19.043078] cloud-init[668]: ci-info: | Device |   Up  |          Address          |      Mask     | Scope  |     Hw-Address    |
[   19.065655] cloud-init[668]: ci-info: +--------+-------+---------------------------+---------------+--------+-------------------+
[   19.085731] cloud-init[668]: ci-info: | enp0s3 |  True |         10.0.2.15         | 255.255.255.0 | global | 02:2f:77:f1:0c:e0 |
[   19.105113] cloud-init[668]: ci-info: | enp0s3 |  True | fe80::2f:77ff:fef1:ce0/64 |       .       |  link  | 02:2f:77:f1:0c:e0 |
[   19.118246] cloud-init[668]: ci-info: | enp0s8 | False |             .             |       .       |   .    | 08:00:27:d7:82:7e |
[   19.136420] cloud-init[668]: ci-info: |   lo   |  True |         127.0.0.1         |   255.0.0.0   |  host  |         .         |
[   19.151368] cloud-init[668]: ci-info: |   lo   |  True |          ::1/128          |       .       |  host  |         .         |
[   19.172865] cloud-init[668]: ci-info: +--------+-------+---------------------------+---------------+--------+-------------------+
[   19.187991] cloud-init[668]: ci-info: ++++++++++++++++++++++++++++Route IPv4 info+++++++++++++++++++++++++++++
[   19.199661] cloud-init[668]: ci-info: +-------+-------------+----------+-----------------+-----------+-------+
[   19.213019] cloud-init[668]: ci-info: | Route | Destination | Gateway  |     Genmask     | Interface | Flags |
[   19.227549] cloud-init[668]: ci-info: +-------+-------------+----------+-----------------+-----------+-------+
[   19.239936] cloud-init[668]: ci-info: |   0   |   0.0.0.0   | 10.0.2.2 |     0.0.0.0     |   enp0s3  |   UG  |
[   19.259158] cloud-init[668]: ci-info: |   1   |   10.0.2.0  | 0.0.0.0  |  255.255.255.0  |   enp0s3  |   U   |
[   19.282525] cloud-init[668]: ci-info: |   2   |   10.0.2.2  | 0.0.0.0  | 255.255.255.255 |   enp0s3  |   UH  |
[   19.298381] cloud-init[668]: ci-info: +-------+-------------+----------+-----------------+-----------+-------+
[   19.315469] cloud-init[668]: ci-info: +++++++++++++++++++Route IPv6 info+++++++++++++++++++
[   19.330702] cloud-init[668]: ci-info: +-------+-------------+---------+-----------+-------+
[   19.349407] cloud-init[668]: ci-info: | Route | Destination | Gateway | Interface | Flags |
[   19.375853] cloud-init[668]: ci-info: +-------+-------------+---------+-----------+-------+
[   19.397923] cloud-init[668]: ci-info: |   1   |  fe80::/64  |    ::   |   enp0s3  |   U   |
[   19.415342] cloud-init[668]: ci-info: |   3   |    local    |    ::   |   enp0s3  |   U   |
[   19.433903] cloud-init[668]: ci-info: |   4   |   ff00::/8  |    ::   |   enp0s3  |   U   |
[   19.454281] cloud-init[668]: ci-info: +-------+-------------+---------+-----------+-------+
[   20.822309] cloud-init[668]: Generating public/private rsa key pair.
[   20.841587] cloud-init[668]: Your identification has been saved in /etc/ssh/ssh_host_rsa_key.
[   20.858414] cloud-init[668]: Your public key has been saved in /etc/ssh/ssh_host_rsa_key.pub.
[   20.869958] cloud-init[668]: The key fingerprint is:
[   20.890053] cloud-init[668]: SHA256:ybOOPzmtjvASyiyT0Zz9vf9Mwbkj0+Af4MdWJMlddcM root@ubuntu-bionic
[   20.914182] cloud-init[668]: The key's randomart image is:
[   20.933085] cloud-init[668]: +---[RSA 2048]----+
[   20.941498] cloud-init[668]: |              ..=|
[   20.957527] cloud-init[668]: |           . o Eo|[[0;32m  OK  [0m] Started Initial cloud-init job (metadata service crawler).
[   20.975491] cloud-init[668]: 
[[0;32m  OK  [0m] Reached target System Initialization.|            + o  |
[   20.995691] 
[[0;32m  OK  [0m] Listening on Open-iSCSI iscsid Socket.
[[0;32m  OK  [0mcloud-init[668]: ] Started Ubuntu Advantage update messaging.
[|       . . . +   |
[   21.026984] cloud-init[0;32m  OK  [0m] Listening on D-Bus System Message Bus Socket.
[[0;32m  OK  [0m[668]: | o o    S o + .  |
[   21.040587] cloud-init[668]: |. + o    = = +   |] Started Discard unused blocks once a week.
[   21.049791] cloud-init[668]: 
[[0;32m  OK  [0m] Started Daily Cleanup of Temporary Directories.| = ..o ..o= X    |

[[0;32m  OK  [0m[   21.065048] cloud-init[668]: |+ + .o.+= .O o   |] Listening on UUID daemon activation socket.
[   21.073232] cloud-init[668]: | o   .+o**..+    |

         Starting LXD - unix socket.[   21.084770] cloud-init[668]: +----[SHA256]-----+
[[0;32m  OK  [0m] Started Daily apt download activities.
[[0;32m  OK  [0m] Started Daily apt upgrade and clean activities.

[   21.109265] cloud-init[668]: [[0;32m  OK  [0m] Started Message of the Day.Generating public/private dsa key pair.
[[0;32m  OK  [0m] Reached target Timers.
[   21.134039] cloud-init[668]: 
         Starting Socket activation for snappy daemon.Your identification has been saved in /etc/ssh/ssh_host_dsa_key.
[[0;32m  OK  [0m] Listening on ACPID Listen Socket.

[   21.161862] [[0;32m  OK  [0m] Started ACPI Events Check.cloud-init[668]: Your public key has been saved in /etc/ssh/ssh_host_dsa_key.pub.
[[0;32m  OK  [0m] Reached target Paths.
[
[   21.182561] cloud-init[668]: The key fingerprint is:
[0;32m  OK  [0m] Reached target Cloud-config availability.[   21.192536] cloud-init[668]: SHA256:X79rVd/tdnIKqvTOU7XI6rXBAdrVUwftz62ekt0/8eI root@ubuntu-bionic
[[0;32m  OK  [0m] Reached target Network is Online.

[[0;32m  OK  [0m] Reached target Remote File Systems (Pre).[   21.214418] cloud-init[668]: The key's randomart image is:
[[0;32m  OK  [0m] 
[   21.225759] cloud-init[668]: Reached target Remote File Systems.+---[DSA 1024]----+
[   21.234929] cloud-init
         Starting Availability of block devices...[668]: |              .oo|
[[0;32m  OK  [0m] Listening on LXD - unix socket.
[   21.257986] cloud-init[668]: 
[[0;32m  OK  [0m] Listening on Socket activation for snappy daemon.
|             . .o|
[[0;32m  OK  [0m] [   21.283637] cloud-init[668]: |          . . o. |Started Availability of block devices.
[[0;32m  OK  [0m] Reached target Sockets.

[[0;32m  OK  [0m[   21.305769] cloud-init[668]: ] Reached target Basic System.
|         o o  ..o|         Starting Pollinate to seed the pseudo random number generator...
[   21.322787] cloud-init
         Starting Accounts Service...
         Starting Dispatcher daemon for systemd-networkd...[668]: 
         |        S ..oo oB|Starting LXD - container startup/shutdown...
         Starting LSB: Record successful boot for GRUB...
[[0;32m  OK  [0m] Started D-Bus System Message Bus.

[   21.406723] cloud-init[668]: |         . o+o..O|
[   21.434800] cloud-init[668]: |        . .o=o.=o|
[   21.464787] cloud-init[668]: |       . oooo+*+B|
[   21.497356] cloud-init[668]: |        .+*..=EB=|
[   21.525006] cloud-init[668]: +----[SHA256]-----+
[   21.546953] cloud-init[668]: Generating public/private ecdsa key pair.
[   21.568040] cloud-init[668]: Your identification has been saved in /etc/ssh/ssh_host_ecdsa_key.
[   21.611359] cloud-init[668]: Your public key has been saved in /etc/ssh/ssh_host_ecdsa_key.pub.
[   21.635644] cloud-init[668]: The key fingerprint is:
[   21.652459] cloud-init[668]: SHA256:262Et1h4wn3JPtW86WcPktgbUv631S3vwamDOsA5qGg root@ubuntu-bionic
[   21.663246] cloud-init[668]: The key's randomart image is:
[   21.672405] cloud-init[668]: +---[ECDSA 256]---+[[0;32m  OK  [0m] Started irqbalance daemon.
         Starting System Logging Service...
         
Starting Virtualbox guest utils...
         [   21.741729] cloud-initStarting Login Service...
[668]: |                 |
[[0;32m  OK  [0m] Started Regular background program processing daemon.
[[0;32m  OK  [0m] Started FUSE filesystem for LXC.[   21.825363] cloud-init[668]: 
         Starting Permit User Sessions...
         Starting LSB: automatic crash report generation...
[|                 |[0;32m  OK  [0m] Started Deferred execution scheduler.

[   21.901984] cloud-init[668]: |                 |
[   21.921575] cloud-init[668]: |                 |
[   21.945254] cloud-init[668]: |      o S   .  o |
[   21.976142] cloud-init[668]: |     . * * B oo *|
[   22.012572]          Starting Snap Daemon...
cloud-init[[0;32m  OK  [0m] Started System Logging Service.
[668]: |  . .   O X %.o+*|[[0;32m  OK  [0m] Started Permit User Sessions.

[   22.092950] cloud-init[668]: | E .     O B.*.**|
[   22.158706] cloud-init[668]: |.       ..= oo+*B|
[   22.182655] cloud-init[668]: +----[SHA256]-----+
[   22.206622] cloud-init[668]: Generating public/private ed25519 key pair.
[   22.253074] cloud-init[668]: Your identification has been saved in /etc/ssh/ssh_host_ed25519_key.
[   22.283558] cloud-init[668]: Your public key has been saved in /etc/ssh/ssh_host_ed25519_key.pub.
[   22.319305] cloud-init[[0;32m  OK  [0m] Started Login Service.
[668]: [[0;32m  OK  [0m] Started Unattended Upgrades Shutdown.The key fingerprint is:
         Starting Authorization Manager...

         Starting Hold until boot process finishes up...
[   22.402073]          Starting Terminate Plymouth Boot Screen...
cloud-init[[0;32m  OK  [0m] Started Hold until boot process finishes up.
[668]: SHA256:bkv0oQL01TRJzuyIeK/NdnpvNsSLmUOc/sshKiT/sKQ root@ubuntu-bionic[[0;32m  OK  [0m] Started Serial Getty on ttyS0.
         Starting Set console scheme...
[[0;32m  OK  [0m] Started Terminate Plymouth Boot Screen.

[   22.503409] cloud-init[668]: The key's randomart image is:
[   22.517372] cloud-init[668]: +--[ED25519 256]--+
[[0;32m  OK  [0m] Started Set console scheme.
[[0;32m  OK  [0m] Created slice system-getty.slice.
[[0;32m  OK  [0m] Started Getty on tty1.
[[0;32m  OK  [0m] Reached target Login Prompts.[   22.656652] cloud-init[668]: |         .+.     |
[[0;32m  OK  [0m] Started LSB: Record successful boot for GRUB.

[[0;32m  OK  [0m] Started LSB: automatic crash report generation.
[   22.726621] cloud-init[668]: |         *..     |[[0;32m  OK  [0m] Started LXD - container startup/shutdown.

[   22.778835] cloud-init[668]: |    .   . =      |
[[0;32m  OK  [0m] Started Authorization Manager.
[   22.828190] [[0;32m  OK  [0m] Started Accounts Service.
cloud-init[668]: |   . o o o       |
[   22.894687] cloud-init[668]: |    o + S.oo     |
[   22.954670] cloud-init[668]: |    .o.+ o+.o    |
[   23.013366] cloud-init[668]: |     ++ *oo=..   |
[   23.062003] cloud-init[668]: |     ooX.oOo=.   |
[   23.120741] cloud-init[668]: |    E o+B+ *=o   |
[   23.156600] cloud-init[668]: +----[SHA256]-----+
[[0;32m  OK  [0m] Started Dispatcher daemon for systemd-networkd.
[[0;32m  OK  [0m] Started Virtualbox guest utils.
[[0;32m  OK  [0m] Started Snap Daemon.
         Starting Wait until snapd is fully seeded...
[[0;32m  OK  [0m] Started Pollinate to seed the pseudo random number generator.
         Starting OpenBSD Secure Shell server...
[[0;32m  OK  [0m] Started OpenBSD Secure Shell server.
[[0;32m  OK  [0m] Created slice User Slice of vagrant.
         Starting User Manager for UID 1000...
[[0;32m  OK  [0m] Started Session 1 of user vagrant.
[[0;32m  OK  [0m] Started User Manager for UID 1000.
[[0;32m  OK  [0m] Started Wait until snapd is fully seeded.
         Starting Apply the settings specified in cloud-config...
[[0;32m  OK  [0m] Reached target Multi-User System.
[[0;32m  OK  [0m] Reached target Graphical Interface.
         Starting Update UTMP about System Runlevel Changes...
[[0;32m  OK  [0m] Started Update UTMP about System Runlevel Changes.

Ubuntu 18.04.6 LTS ubuntu-bionic ttyS0

ubuntu-bionic login: [   31.124106] cloud-init[1111]: Cloud-init v. 21.2-3-g899bfaa9-0ubuntu2~18.04.1 running 'modules:config' at Wed, 06 Oct 2021 00:29:42 +0000. Up 29.64 seconds.
ci-info: no authorized SSH keys fingerprints found for user ubuntu.
<14>Oct  6 00:29:45 cloud-init: #############################################################
<14>Oct  6 00:29:45 cloud-init: -----BEGIN SSH HOST KEY FINGERPRINTS-----
<14>Oct  6 00:29:45 cloud-init: 1024 SHA256:X79rVd/tdnIKqvTOU7XI6rXBAdrVUwftz62ekt0/8eI root@ubuntu-bionic (DSA)
<14>Oct  6 00:29:45 cloud-init: 256 SHA256:262Et1h4wn3JPtW86WcPktgbUv631S3vwamDOsA5qGg root@ubuntu-bionic (ECDSA)
<14>Oct  6 00:29:45 cloud-init: 256 SHA256:bkv0oQL01TRJzuyIeK/NdnpvNsSLmUOc/sshKiT/sKQ root@ubuntu-bionic (ED25519)
<14>Oct  6 00:29:45 cloud-init: 2048 SHA256:ybOOPzmtjvASyiyT0Zz9vf9Mwbkj0+Af4MdWJMlddcM root@ubuntu-bionic (RSA)
<14>Oct  6 00:29:45 cloud-init: -----END SSH HOST KEY FINGERPRINTS-----
<14>Oct  6 00:29:45 cloud-init: #############################################################
-----BEGIN SSH HOST KEY KEYS-----
ecdsa-sha2-nistp256 AAAAE2VjZHNhLXNoYTItbmlzdHAyNTYAAAAIbmlzdHAyNTYAAABBBDe+DWQdXK37+cpcXi62Nji9hQXfaX0Q5FITzumhYFS+h/ig+K8tTVmpp+fJJCD8dJ4dvcS0Bdbabf4r/GWe5F4= root@ubuntu-bionic
ssh-ed25519 AAAAC3NzaC1lZDI1NTE5AAAAIMwn0R2huU29eGvTXzKUjwCNYXFV2A6fb7/t1kfhjciE root@ubuntu-bionic
ssh-rsa AAAAB3NzaC1yc2EAAAADAQABAAABAQDfTmroRGD+yrmRHGAfKc0UUAsw/rZe7hheqEvB7UkCaIIAG64gAIuCPNqHleHQ/bdZbC6IzNpsDCaInCuKzXgVAWR6Z4QtlF2O6tF0NeSdsfInZUduD95RwxLxhLAIx6h6g4wlU9uLz7nEzObUpCKZKFgPA39ut8oS9iXavWgpGIyE2KVjHpIlDlbEYvkcFBlbT8KEXwC0BA7V3VjHV6mqJRuSdt28nt3mlShtuiKrRYM1gHWaTA6ksSxZ8Hv8J5OSk0jmIHOW1Y7nD1fvlqEKnbQyPRgrt44SwBJ43s5TusLBfF6Jv3o1axnCqNxiWjzxhPSazPZxkOjpTBp00sV7 root@ubuntu-bionic
-----END SSH HOST KEY KEYS-----
[   32.626743] cloud-init[1284]: Cloud-init v. 21.2-3-g899bfaa9-0ubuntu2~18.04.1 running 'modules:final' at Wed, 06 Oct 2021 00:29:45 +0000. Up 32.17 seconds.
[   32.679006] cloud-init[1284]: ci-info: no authorized SSH keys fingerprints found for user ubuntu.
[   32.688041] cloud-init[1284]: Cloud-init v. 21.2-3-g899bfaa9-0ubuntu2~18.04.1 finished at Wed, 06 Oct 2021 00:29:45 +0000. Datasource DataSourceNoCloud [seed=/dev/sdb][dsmode=net].  Up 32.61 seconds
